// Jest Snapshot v1, https://goo.gl/fbAQLP

exports[`Home render correctly 1`] = `
<DocumentFragment>
  <div
    class="chakra-container css-3n56dt"
  >
    <main
      class="css-1nwsnwk"
    >
      <div
        class="css-lzuhz1"
      >
        <p
          class="chakra-text css-1hwj3aj"
        >
          home.greeting
        </p>
      </div>
      <div
        class="css-17xejub"
      />
      <div
        class="css-zvqp6p"
      >
        <p
          class="chakra-text css-1efqfyl"
        >
          home.intro
        </p>
      </div>
      <div
        class="css-3krwau"
      >
        <span
          class="chakra-avatar css-wbs104"
        >
          <div
            aria-label="Hai Nguyen"
            class="chakra-avatar__initials css-0"
          >
            HN
          </div>
        </span>
        <div
          class="css-17xejub"
        />
        <button
          class="chakra-button css-q4uigm"
          type="button"
        >
          <span
            class="chakra-button__icon css-19u2hmv"
          >
            <img
              alt="github logo"
              aria-hidden="true"
              class="chakra-image__placeholder css-1vx4smm"
              focusable="false"
            />
          </span>
          Github
        </button>
      </div>
      <div
        class="chakra-stack css-tzcfgn"
      >
        <div
          class="css-0"
        >
          <div
            class="css-175wqfc"
          >
            <p
              class="chakra-text css-1pc31l6"
            >
              Programming
            </p>
          </div>
        </div>
      </div>
    </main>
  </div>
</DocumentFragment>
`;
