// Jest Snapshot v1, https://goo.gl/fbAQLP

exports[`Card when render should match snapshot 1`] = `
<DocumentFragment>
  <div
    class="css-0"
  >
    <div
      class="chakra-stack css-k7qgmw"
    >
      <p
        class="chakra-text css-wq3tlk"
      >
        tagLabel
      </p>
      <div
        class="chakra-stack css-16xai34"
      >
        <p
          class="chakra-text css-1e4oirs"
        >
          createdDate
        </p>
        <p
          class="chakra-text css-1e4oirs"
        >
          timeLabel
        </p>
      </div>
      <p
        class="chakra-text css-1wqkak5"
      >
        label
      </p>
      <p
        class="chakra-text css-1sjruip"
      >
        summary
      </p>
    </div>
  </div>
</DocumentFragment>
`;
